// Jest Snapshot v1, https://goo.gl/fbAQLP

exports[`render home page 1`] = `
<div
  className="col-md-4 col-sm-12 col-xs-12"
>
  <div
    className="row"
  >
    <div
      className="col-md-12 col-sm-12 col-xs-12"
    >
      <h1>
        WeConnect
      </h1>
      <p
        className="landing-content"
      >
        Connect with a vibrant, International business network by sign-up in
        <i>
          WeConnect
        </i>
         today for 
        <strong>
          FREE
        </strong>
        !!!
      </p>
    </div>
    <div
      className="col-md-12 col-sm-12 col-xs-12"
    >
      <h1>
        Resources
      </h1>
      <p
        className="landing-content"
      >
        Find 
        <strong>
          Resources
        </strong>
         and other key assets you may need to grow your 
        <i>
          business
        </i>
        .
      </p>
    </div>
    <div
      className="col-md-12 col-sm-12 col-xs-12"
    >
      <h1>
        Business Search
      </h1>
      <p
        className="landing-content"
      >
        Search our directory of 993 registered business with 200 unique locations through out 
        <strong>
          Kenya
        </strong>
        .
      </p>
    </div>
  </div>
</div>
`;
