// Jest Snapshot v1, https://goo.gl/fbAQLP

exports[`Sign up Page renders signup page without crashing 1`] = `
<main
  className="main-content"
>
  <div
    className="container"
  >
    <div
      className="row"
    >
      <Home />
      <SignUpForm
        handleInputChange={[Function]}
        handleSubmitForm={[Function]}
        outPutMessage=""
      />
    </div>
  </div>
</main>
`;
